[jthemes.net/themes/html/kidify/index-5.html]
[backblue.gif]
[fade.gif]
[index.html]
[jthemes.net/themes/html/kidify/assets/css/stylee209.css]
[jthemes.net/themes/html/kidify/index.html]
[jthemes.net/themes/html/kidify/compare.html]
[jthemes.net/themes/html/kidify/index-2.html]
[jthemes.net/themes/html/kidify/index-3.html]
[jthemes.net/themes/html/kidify/index-4.html]
[jthemes.net/themes/html/kidify/product-list.html]
[jthemes.net/themes/html/kidify/assets/imgs/template/megamenu.png]
[jthemes.net/themes/html/kidify/about.html]
[jthemes.net/themes/html/kidify/product-list-2.html]
[jthemes.net/themes/html/kidify/product-list-3.html]
[jthemes.net/themes/html/kidify/product-single.html]
[jthemes.net/themes/html/kidify/product-single-2.html]
[jthemes.net/themes/html/kidify/product-single-3.html]
[jthemes.net/themes/html/kidify/cart.html]
[jthemes.net/themes/html/kidify/checkout.html]
[jthemes.net/themes/html/kidify/my-account.html]
[jthemes.net/themes/html/kidify/contact.html]
[jthemes.net/themes/html/kidify/404.html]
[jthemes.net/themes/html/kidify/blog.html]
[jthemes.net/themes/html/kidify/blog-2.html]
[jthemes.net/themes/html/kidify/blog-3.html]
[jthemes.net/themes/html/kidify/blog-single.html]
[jthemes.net/themes/html/kidify/assets/imgs/page/homepage5/leaf.png]
[jthemes.net/themes/html/kidify/assets/imgs/page/homepage5/up60.png]
[jthemes.net/themes/html/kidify/assets/imgs/page/homepage5/star.png]
[jthemes.net/themes/html/kidify/assets/imgs/page/homepage5/banner.png]
[jthemes.net/themes/html/kidify/assets/imgs/page/homepage5/banner2.png]
[jthemes.net/themes/html/kidify/assets/imgs/page/homepage3/cat.png]
[jthemes.net/themes/html/kidify/assets/imgs/page/homepage3/cat2.png]
[jthemes.net/themes/html/kidify/assets/imgs/page/homepage3/cat3.png]
[jthemes.net/themes/html/kidify/assets/imgs/page/homepage3/cat4.png]
[jthemes.net/themes/html/kidify/assets/imgs/page/homepage3/cat5.png]
[jthemes.net/themes/html/kidify/assets/imgs/page/homepage3/cat6.png]
[jthemes.net/themes/html/kidify/assets/imgs/page/homepage3/cat7.png]
[jthemes.net/themes/html/kidify/assets/imgs/page/homepage3/cat8.png]
[jthemes.net/themes/html/kidify/assets/imgs/page/homepage3/cat9.png]
[jthemes.net/themes/html/kidify/assets/imgs/page/homepage1/product9.png]
[jthemes.net/themes/html/kidify/assets/imgs/page/homepage1/product7.png]
[jthemes.net/themes/html/kidify/assets/imgs/page/homepage1/product10.png]
[jthemes.net/themes/html/kidify/assets/imgs/page/homepage1/product11.png]
[jthemes.net/themes/html/kidify/assets/imgs/page/homepage5/flash.png]
[jthemes.net/themes/html/kidify/assets/imgs/page/homepage5/flash2.png]
[jthemes.net/themes/html/kidify/assets/imgs/page/homepage5/flash3.png]
[jthemes.net/themes/html/kidify/assets/imgs/page/homepage5/flash4.png]
[jthemes.net/themes/html/kidify/assets/imgs/page/homepage5/flash5.png]
[jthemes.net/themes/html/kidify/assets/imgs/page/homepage5/ads.png]
[jthemes.net/themes/html/kidify/assets/imgs/page/homepage5/ads2.png]
[jthemes.net/themes/html/kidify/assets/imgs/page/homepage1/blog1.png]
[jthemes.net/themes/html/kidify/assets/imgs/page/homepage1/blog2.png]
[jthemes.net/themes/html/kidify/assets/imgs/page/homepage1/blog3.png]
[jthemes.net/themes/html/kidify/assets/imgs/page/homepage5/baby.png]
[jthemes.net/themes/html/kidify/assets/imgs/page/homepage5/baby2.png]
[jthemes.net/themes/html/kidify/assets/imgs/page/homepage5/baby3.png]
[jthemes.net/themes/html/kidify/assets/imgs/page/homepage5/baby4.png]
[jthemes.net/themes/html/kidify/assets/imgs/page/homepage5/baby5.png]
[jthemes.net/themes/html/kidify/assets/imgs/page/homepage5/baby6.png]
[jthemes.net/themes/html/kidify/assets/imgs/page/homepage5/baby7.png]
[jthemes.net/themes/html/kidify/assets/imgs/page/homepage5/baby8.png]
[jthemes.net/themes/html/kidify/assets/imgs/page/homepage5/promotion.png]
[jthemes.net/themes/html/kidify/assets/imgs/page/homepage5/promotion2.png]
[jthemes.net/themes/html/kidify/assets/imgs/page/homepage5/promotion3.png]
[jthemes.net/themes/html/kidify/assets/imgs/page/homepage5/promotion4.png]
[jthemes.net/themes/html/kidify/assets/imgs/page/homepage5/promotion5.png]
[jthemes.net/themes/html/kidify/assets/imgs/page/homepage5/promotion6.png]
[jthemes.net/themes/html/kidify/assets/imgs/slider/logo/logo-1.png]
[jthemes.net/themes/html/kidify/assets/imgs/slider/logo/logo-2.png]
[jthemes.net/themes/html/kidify/assets/imgs/slider/logo/logo-3.png]
[jthemes.net/themes/html/kidify/assets/imgs/slider/logo/logo-4.png]
[jthemes.net/themes/html/kidify/assets/imgs/slider/logo/logo-5.png]
[jthemes.net/themes/html/kidify/assets/imgs/slider/logo/logo-6.png]
[jthemes.net/themes/html/kidify/assets/imgs/slider/logo/logo-7.png]
[jthemes.net/themes/html/kidify/assets/imgs/slider/logo/logo-8.png]
[jthemes.net/themes/html/kidify/assets/imgs/slider/logo/logo-9.png]
[jthemes.net/themes/html/kidify/assets/imgs/slider/logo/logo-10.png]
[jthemes.net/themes/html/kidify/assets/imgs/slider/logo/logo-11.png]
[jthemes.net/themes/html/kidify/assets/imgs/page/homepage1/instagram6.png]
[jthemes.net/themes/html/kidify/assets/imgs/page/homepage1/instagram.png]
[jthemes.net/themes/html/kidify/assets/imgs/page/homepage1/instagram2.png]
[jthemes.net/themes/html/kidify/assets/imgs/page/homepage1/instagram3.png]
[jthemes.net/themes/html/kidify/assets/imgs/page/homepage1/instagram4.png]
[jthemes.net/themes/html/kidify/assets/imgs/page/homepage1/instagram5.png]
[jthemes.net/themes/html/kidify/assets/imgs/page/product/img-2.png]
[jthemes.net/themes/html/kidify/assets/imgs/page/product/img-3.png]
[jthemes.net/themes/html/kidify/assets/imgs/page/product/img-4.png]
[jthemes.net/themes/html/kidify/assets/imgs/page/product/img-5.png]
[jthemes.net/themes/html/kidify/assets/imgs/page/product/img-6.png]
[jthemes.net/themes/html/kidify/assets/imgs/page/product/img.png]
[jthemes.net/themes/html/kidify/assets/imgs/page/homepage1/product24.png]
[jthemes.net/themes/html/kidify/assets/imgs/page/homepage1/product25.png]
[jthemes.net/themes/html/kidify/assets/imgs/page/homepage1/product26.png]
[jthemes.net/themes/html/kidify/assets/js/vendors/modernizr-3.6.0.min.js]
[jthemes.net/themes/html/kidify/assets/js/vendors/jquery-3.6.0.min.js]
[jthemes.net/themes/html/kidify/assets/js/vendors/jquery-migrate-3.3.0.min.js]
[jthemes.net/themes/html/kidify/assets/js/vendors/bootstrap.bundle.min.js]
[jthemes.net/themes/html/kidify/assets/js/vendors/waypoints.js]
[jthemes.net/themes/html/kidify/assets/js/vendors/wow.js]
[jthemes.net/themes/html/kidify/assets/js/vendors/magnific-popup.js]
[jthemes.net/themes/html/kidify/assets/js/vendors/perfect-scrollbar.min.js]
[jthemes.net/themes/html/kidify/assets/js/vendors/select2.min.js]
[jthemes.net/themes/html/kidify/assets/js/vendors/isotope.js]
[jthemes.net/themes/html/kidify/assets/js/vendors/scrollup.js]
[jthemes.net/themes/html/kidify/assets/js/vendors/swiper-bundle.min.js]
[jthemes.net/themes/html/kidify/assets/js/vendors/noUISlider.js]
[jthemes.net/themes/html/kidify/assets/js/vendors/slider.js]
[jthemes.net/themes/html/kidify/assets/js/vendors/counterup.js]
[jthemes.net/themes/html/kidify/assets/js/vendors/jquery.countdown.min.js]
[jthemes.net/themes/html/kidify/assets/js/vendors/jquery.elevatezoom.js]
[jthemes.net/themes/html/kidify/assets/js/vendors/slick.js]
[jthemes.net/themes/html/kidify/assets/js/vendors/jquery-ui.js]
[jthemes.net/themes/html/kidify/assets/js/vendors/jquery.timepicker.min.js]
[jthemes.net/themes/html/kidify/assets/js/vendors/glightbox.min.js]
[jthemes.net/themes/html/kidify/assets/js/maine209.js]
[jthemes.net/themes/html/kidify/index-5.html]
[jthemes.net/themes/html/kidify/assets/imgs/template/favicon.svg]
[jthemes.net/themes/html/kidify/assets/css/vendors/normalize.css]
[jthemes.net/themes/html/kidify/assets/css/vendors/bootstrap.min.css]
[jthemes.net/themes/html/kidify/assets/css/vendors/uicons-regular-rounded.css]
[jthemes.net/themes/html/kidify/assets/css/plugins/swiper-bundle.min.css]
[jthemes.net/themes/html/kidify/assets/css/plugins/magnific-popup.css]
[jthemes.net/themes/html/kidify/assets/css/plugins/select2.min.css]
[jthemes.net/themes/html/kidify/assets/css/plugins/slick.css]
[jthemes.net/themes/html/kidify/assets/css/plugins/jquery-ui.css]
[jthemes.net/themes/html/kidify/assets/css/plugins/perfect-scrollbar.css]
[jthemes.net/themes/html/kidify/assets/css/plugins/animate.css]
[jthemes.net/themes/html/kidify/assets/css/plugins/jquery.timepicker.min.css]
[jthemes.net/themes/html/kidify/assets/css/plugins/glightbox.min.css]
[jthemes.net/themes/html/kidify/assets/imgs/template/bg-popup.png]
[jthemes.net/themes/html/kidify/assets/imgs/page/homepage3/bg-banner.png]
[jthemes.net/themes/html/kidify/assets/imgs/page/homepage1/banner-section2.png]
[jthemes.net/themes/html/kidify/assets/imgs/page/homepage1/bg-section4.png]
[jthemes.net/themes/html/kidify/assets/imgs/page/homepage1/bg-collection1.png]
[jthemes.net/themes/html/kidify/assets/imgs/page/homepage1/bg-collection2.png]
[jthemes.net/themes/html/kidify/assets/imgs/page/homepage1/bg-animal.png]
[jthemes.net/themes/html/kidify/assets/imgs/page/homepage1/bg-kid.png]
[jthemes.net/themes/html/kidify/assets/imgs/page/homepage1/dress.png]
[jthemes.net/themes/html/kidify/assets/imgs/page/homepage1/apparels.png]
[jthemes.net/themes/html/kidify/assets/imgs/page/homepage2/bg-clothes.png]
[jthemes.net/themes/html/kidify/assets/imgs/page/homepage2/bg-review.png]
[jthemes.net/themes/html/kidify/assets/imgs/page/homepage3/bg-subscriber.png]
[jthemes.net/themes/html/kidify/assets/imgs/page/homepage4/bg-deal.png]
[jthemes.net/themes/html/kidify/assets/imgs/page/homepage4/bg-subscriber.png]
[jthemes.net/themes/html/kidify/assets/imgs/page/homepage5/bg-discount.png]
[jthemes.net/themes/html/kidify/assets/imgs/page/shop/bg-head.png]
[jthemes.net/themes/html/kidify/assets/imgs/page/shop/page-head-3-bg.png]
[jthemes.net/themes/html/kidify/assets/imgs/page/shop/banner_12.png]
[jthemes.net/themes/html/kidify/assets/imgs/page/blog/bg-blog.png]
[jthemes.net/themes/html/kidify/assets/imgs/page/blog/bg-blog-2.png]
[jthemes.net/themes/html/kidify/assets/imgs/page/checkout/code.png]
[jthemes.net/themes/html/kidify/assets/css/stylee209.css]
[jthemes.net/themes/html/kidify/assets/imgs/page/homepage1/banner.png]
[jthemes.net/themes/html/kidify/assets/imgs/page/homepage1/sale.png]
[jthemes.net/themes/html/kidify/assets/imgs/page/homepage1/leaf.png]
[jthemes.net/themes/html/kidify/assets/imgs/page/homepage1/banner2.png]
[jthemes.net/themes/html/kidify/assets/imgs/page/homepage1/star.png]
[jthemes.net/themes/html/kidify/assets/imgs/page/homepage1/product1.png]
[jthemes.net/themes/html/kidify/assets/imgs/page/homepage1/product2.png]
[jthemes.net/themes/html/kidify/assets/imgs/page/homepage1/product6.png]
[jthemes.net/themes/html/kidify/assets/imgs/page/homepage1/product3.png]
[jthemes.net/themes/html/kidify/assets/imgs/page/homepage1/product4.png]
[jthemes.net/themes/html/kidify/assets/imgs/page/homepage1/product5.png]
[jthemes.net/themes/html/kidify/assets/imgs/page/homepage1/product8.png]
[jthemes.net/themes/html/kidify/assets/imgs/page/homepage1/upto60.png]
[jthemes.net/themes/html/kidify/assets/imgs/page/homepage1/bg-section2.png]
[jthemes.net/themes/html/kidify/assets/imgs/page/homepage1/product12.png]
[jthemes.net/themes/html/kidify/assets/imgs/page/homepage1/product13.png]
[jthemes.net/themes/html/kidify/assets/imgs/page/homepage1/product15.png]
[jthemes.net/themes/html/kidify/assets/imgs/page/homepage1/product14.png]
[jthemes.net/themes/html/kidify/assets/imgs/page/homepage1/star2.png]
[jthemes.net/themes/html/kidify/assets/imgs/page/homepage1/product16.png]
[jthemes.net/themes/html/kidify/assets/imgs/page/homepage1/product17.png]
[jthemes.net/themes/html/kidify/assets/imgs/page/homepage1/product18.png]
[jthemes.net/themes/html/kidify/assets/imgs/page/homepage1/product19.png]
[jthemes.net/themes/html/kidify/assets/imgs/page/homepage1/product20.png]
[jthemes.net/themes/html/kidify/assets/imgs/page/homepage1/product21.png]
[jthemes.net/themes/html/kidify/assets/imgs/page/homepage1/product22.png]
[jthemes.net/themes/html/kidify/assets/imgs/page/homepage1/product23.png]
[jthemes.net/themes/html/kidify/assets/imgs/page/homepage1/product27.png]
[jthemes.net/themes/html/kidify/assets/imgs/page/homepage1/product28.png]
[jthemes.net/themes/html/kidify/assets/imgs/page/homepage1/product29.png]
[jthemes.net/themes/html/kidify/assets/imgs/template/promotion.png]
[jthemes.net/themes/html/kidify/assets/imgs/template/promotion-banner.png]
[jthemes.net/themes/html/kidify/index.html]
[jthemes.net/themes/html/kidify/assets/imgs/template/logo.svg]
[jthemes.net/themes/html/kidify/assets/imgs/page/product/product.png]
[jthemes.net/themes/html/kidify/assets/imgs/page/product/product2.png]
[jthemes.net/themes/html/kidify/assets/imgs/page/product/product3.png]
[jthemes.net/themes/html/kidify/compare.html]
[jthemes.net/themes/html/kidify/assets/imgs/page/homepage2/banner.png]
[jthemes.net/themes/html/kidify/assets/imgs/page/homepage2/banner2.png]
[jthemes.net/themes/html/kidify/assets/imgs/page/homepage2/product.png]
[jthemes.net/themes/html/kidify/assets/imgs/page/homepage2/product2.png]
[jthemes.net/themes/html/kidify/assets/imgs/page/homepage2/toy.png]
[jthemes.net/themes/html/kidify/assets/imgs/page/homepage2/toy2.png]
[jthemes.net/themes/html/kidify/assets/imgs/page/homepage2/toy3.png]
[jthemes.net/themes/html/kidify/assets/imgs/page/homepage2/toy4.png]
[jthemes.net/themes/html/kidify/assets/imgs/page/homepage2/toy5.png]
[jthemes.net/themes/html/kidify/assets/imgs/page/homepage2/toy6.png]
[jthemes.net/themes/html/kidify/assets/imgs/page/homepage2/toy7.png]
[jthemes.net/themes/html/kidify/assets/imgs/page/homepage2/toy8.png]
[jthemes.net/themes/html/kidify/assets/imgs/page/homepage2/toy9.png]
[jthemes.net/themes/html/kidify/assets/imgs/page/homepage2/toy10.png]
[jthemes.net/themes/html/kidify/assets/imgs/page/homepage2/collection.png]
[jthemes.net/themes/html/kidify/assets/imgs/page/homepage2/collection2.png]
[jthemes.net/themes/html/kidify/assets/imgs/page/homepage2/collection3.png]
[jthemes.net/themes/html/kidify/assets/imgs/page/homepage2/school.png]
[jthemes.net/themes/html/kidify/assets/imgs/page/homepage2/girl.png]
[jthemes.net/themes/html/kidify/assets/imgs/page/homepage2/clothes.png]
[jthemes.net/themes/html/kidify/assets/imgs/page/homepage2/product3.png]
[jthemes.net/themes/html/kidify/assets/imgs/page/homepage2/product4.png]
[jthemes.net/themes/html/kidify/assets/imgs/page/homepage2/product5.png]
[jthemes.net/themes/html/kidify/assets/imgs/page/homepage2/product6.png]
[jthemes.net/themes/html/kidify/assets/imgs/page/homepage2/product7.png]
[jthemes.net/themes/html/kidify/assets/imgs/page/homepage2/product10.png]
[jthemes.net/themes/html/kidify/assets/imgs/page/homepage2/product8.png]
[jthemes.net/themes/html/kidify/assets/imgs/page/homepage2/product9.png]
[jthemes.net/themes/html/kidify/assets/imgs/page/homepage2/avatar-review.png]
[jthemes.net/themes/html/kidify/assets/imgs/page/homepage2/news1.png]
[jthemes.net/themes/html/kidify/assets/imgs/page/homepage2/news2.png]
[jthemes.net/themes/html/kidify/assets/imgs/page/homepage2/kid-festival.png]
[jthemes.net/themes/html/kidify/assets/imgs/page/homepage2/monster.png]
[jthemes.net/themes/html/kidify/assets/imgs/page/homepage2/junina.png]
[jthemes.net/themes/html/kidify/assets/imgs/page/homepage2/insta.png]
[jthemes.net/themes/html/kidify/assets/imgs/page/homepage2/insta2.png]
[jthemes.net/themes/html/kidify/assets/imgs/page/homepage2/insta3.png]
[jthemes.net/themes/html/kidify/assets/imgs/page/homepage2/insta4.png]
[jthemes.net/themes/html/kidify/assets/imgs/page/homepage2/insta5.png]
[jthemes.net/themes/html/kidify/assets/imgs/page/homepage2/insta6.png]
[jthemes.net/themes/html/kidify/assets/imgs/page/homepage2/insta7.png]
[jthemes.net/themes/html/kidify/assets/imgs/template/line-wave.png]
[jthemes.net/themes/html/kidify/assets/imgs/page/homepage1/line.png]
[jthemes.net/themes/html/kidify/index-2.html]
[jthemes.net/themes/html/kidify/assets/imgs/page/homepage3/banner.png]
[jthemes.net/themes/html/kidify/assets/imgs/page/homepage3/banner2.png]
[jthemes.net/themes/html/kidify/assets/imgs/page/homepage3/toy.png]
[jthemes.net/themes/html/kidify/assets/imgs/page/homepage3/toy2.png]
[jthemes.net/themes/html/kidify/assets/imgs/page/homepage3/toy3.png]
[jthemes.net/themes/html/kidify/assets/imgs/page/homepage3/toy4.png]
[jthemes.net/themes/html/kidify/assets/imgs/page/homepage3/toy5.png]
[jthemes.net/themes/html/kidify/assets/imgs/page/homepage3/product1.png]
[jthemes.net/themes/html/kidify/assets/imgs/page/homepage3/product2.png]
[jthemes.net/themes/html/kidify/assets/imgs/page/homepage3/product3.png]
[jthemes.net/themes/html/kidify/assets/imgs/page/homepage3/product4.png]
[jthemes.net/themes/html/kidify/assets/imgs/page/homepage3/section4.png]
[jthemes.net/themes/html/kidify/assets/imgs/page/homepage3/kid.png]
[jthemes.net/themes/html/kidify/assets/imgs/page/homepage3/kid2.png]
[jthemes.net/themes/html/kidify/assets/imgs/page/homepage3/kid3.png]
[jthemes.net/themes/html/kidify/assets/imgs/page/homepage3/kid4.png]
[jthemes.net/themes/html/kidify/assets/imgs/page/homepage3/kid5.png]
[jthemes.net/themes/html/kidify/assets/imgs/page/homepage3/kid6.png]
[jthemes.net/themes/html/kidify/assets/imgs/page/homepage3/kid7.png]
[jthemes.net/themes/html/kidify/assets/imgs/page/homepage3/kid8.png]
[jthemes.net/themes/html/kidify/assets/imgs/page/homepage3/trending.png]
[jthemes.net/themes/html/kidify/assets/imgs/page/homepage3/trending2.png]
[jthemes.net/themes/html/kidify/assets/imgs/page/homepage3/trending3.png]
[jthemes.net/themes/html/kidify/assets/imgs/page/homepage3/trending4.png]
[jthemes.net/themes/html/kidify/assets/imgs/page/homepage3/flash.png]
[jthemes.net/themes/html/kidify/assets/imgs/page/homepage3/flash2.png]
[jthemes.net/themes/html/kidify/assets/imgs/page/homepage3/flash3.png]
[jthemes.net/themes/html/kidify/assets/imgs/page/homepage3/flash4.png]
[jthemes.net/themes/html/kidify/index-3.html]
[jthemes.net/themes/html/kidify/assets/imgs/page/homepage4/banner.png]
[jthemes.net/themes/html/kidify/assets/imgs/page/homepage4/banner2.png]
[jthemes.net/themes/html/kidify/assets/imgs/page/homepage4/girl1.png]
[jthemes.net/themes/html/kidify/assets/imgs/page/homepage4/girl2.png]
[jthemes.net/themes/html/kidify/assets/imgs/page/homepage4/girl3.png]
[jthemes.net/themes/html/kidify/assets/imgs/page/homepage4/girl4.png]
[jthemes.net/themes/html/kidify/assets/imgs/page/homepage4/girl5.png]
[jthemes.net/themes/html/kidify/assets/imgs/page/homepage4/girl6.png]
[jthemes.net/themes/html/kidify/assets/imgs/page/homepage4/girl7.png]
[jthemes.net/themes/html/kidify/assets/imgs/page/homepage4/girl8.png]
[jthemes.net/themes/html/kidify/assets/imgs/page/homepage4/girl9.png]
[jthemes.net/themes/html/kidify/assets/imgs/page/homepage4/girl10.png]
[jthemes.net/themes/html/kidify/assets/imgs/page/homepage4/cat.png]
[jthemes.net/themes/html/kidify/assets/imgs/page/homepage4/cat2.png]
[jthemes.net/themes/html/kidify/assets/imgs/page/homepage4/cat3.png]
[jthemes.net/themes/html/kidify/assets/imgs/page/homepage4/cat4.png]
[jthemes.net/themes/html/kidify/assets/imgs/page/homepage4/cat5.png]
[jthemes.net/themes/html/kidify/assets/imgs/page/homepage4/cat6.png]
[jthemes.net/themes/html/kidify/assets/imgs/page/homepage4/cat7.png]
[jthemes.net/themes/html/kidify/assets/imgs/page/homepage4/cat8.png]
[jthemes.net/themes/html/kidify/assets/imgs/page/homepage4/deal.png]
[jthemes.net/themes/html/kidify/assets/imgs/page/homepage4/deal2.png]
[jthemes.net/themes/html/kidify/assets/imgs/page/homepage4/deal3.png]
[jthemes.net/themes/html/kidify/assets/imgs/page/homepage4/deal4.png]
[jthemes.net/themes/html/kidify/assets/imgs/page/homepage4/deal5.png]
[jthemes.net/themes/html/kidify/assets/imgs/page/homepage4/deal6.png]
[jthemes.net/themes/html/kidify/assets/imgs/page/homepage5/bg-latest.png]
[jthemes.net/themes/html/kidify/assets/imgs/page/homepage5/bg-best.png]
[jthemes.net/themes/html/kidify/assets/imgs/page/homepage5/bg-comfortable.png]
[jthemes.net/themes/html/kidify/assets/imgs/page/homepage4/insta.png]
[jthemes.net/themes/html/kidify/assets/imgs/page/homepage4/insta2.png]
[jthemes.net/themes/html/kidify/assets/imgs/page/homepage4/insta3.png]
[jthemes.net/themes/html/kidify/assets/imgs/page/homepage4/insta4.png]
[jthemes.net/themes/html/kidify/assets/imgs/page/homepage4/insta5.png]
[jthemes.net/themes/html/kidify/assets/imgs/page/homepage4/insta6.png]
[jthemes.net/themes/html/kidify/assets/imgs/page/homepage4/insta7.png]
[jthemes.net/themes/html/kidify/assets/imgs/page/homepage4/insta8.png]
[jthemes.net/themes/html/kidify/index-4.html]
[jthemes.net/themes/html/kidify/product-list.html]
[jthemes.net/themes/html/kidify/assets/imgs/page/about/img.png]
[jthemes.net/themes/html/kidify/assets/imgs/page/about/tick.png]
[jthemes.net/themes/html/kidify/assets/imgs/page/about/gallery.png]
[jthemes.net/themes/html/kidify/assets/imgs/page/about/gallery2.png]
[jthemes.net/themes/html/kidify/assets/imgs/page/about/gallery3.png]
[jthemes.net/themes/html/kidify/assets/imgs/page/about/gallery4.png]
[jthemes.net/themes/html/kidify/assets/imgs/page/about/gallery5.png]
[jthemes.net/themes/html/kidify/about.html]
[jthemes.net/themes/html/kidify/product-list-2.html]
[jthemes.net/themes/html/kidify/product-list-3.html]
[jthemes.net/themes/html/kidify/assets/imgs/page/product/thumnb.png]
[jthemes.net/themes/html/kidify/assets/imgs/page/product/thumnb2.png]
[jthemes.net/themes/html/kidify/assets/imgs/page/product/thumnb3.png]
[jthemes.net/themes/html/kidify/assets/imgs/page/product/thumnb4.png]
[jthemes.net/themes/html/kidify/assets/imgs/page/product/thumnb5.png]
[jthemes.net/themes/html/kidify/assets/imgs/page/product/img-detail.png]
[jthemes.net/themes/html/kidify/assets/imgs/page/product/img-detail2.png]
[jthemes.net/themes/html/kidify/assets/imgs/page/product/img-detail3.png]
[jthemes.net/themes/html/kidify/product-single.html]
[jthemes.net/themes/html/kidify/assets/imgs/page/product/vendor-logo.png]
[jthemes.net/themes/html/kidify/assets/imgs/page/product/author-1.png]
[jthemes.net/themes/html/kidify/assets/imgs/page/product/small-thumb-1.png]
[jthemes.net/themes/html/kidify/assets/imgs/page/product/small-thumb-2.png]
[jthemes.net/themes/html/kidify/assets/imgs/page/product/small-thumb-3.png]
[jthemes.net/themes/html/kidify/assets/imgs/page/product/author-2.png]
[jthemes.net/themes/html/kidify/assets/imgs/page/product/author-3.png]
[jthemes.net/themes/html/kidify/product-single-2.html]
[jthemes.net/themes/html/kidify/product-single-3.html]
[jthemes.net/themes/html/kidify/cart.html]
[jthemes.net/themes/html/kidify/checkout.html]
[jthemes.net/themes/html/kidify/my-account.html]
[jthemes.net/themes/html/kidify/contact.html]
[jthemes.net/themes/html/kidify/assets/imgs/template/404.png]
[jthemes.net/themes/html/kidify/404.html]
[jthemes.net/themes/html/kidify/assets/imgs/page/blog/blog.png]
[jthemes.net/themes/html/kidify/assets/imgs/page/blog/blog2.png]
[jthemes.net/themes/html/kidify/assets/imgs/page/blog/blog3.png]
[jthemes.net/themes/html/kidify/assets/imgs/page/blog/blog4.png]
[jthemes.net/themes/html/kidify/assets/imgs/page/blog/feature.png]
[jthemes.net/themes/html/kidify/assets/imgs/page/blog/feature2.png]
[jthemes.net/themes/html/kidify/assets/imgs/page/blog/feature3.png]
[jthemes.net/themes/html/kidify/assets/imgs/page/blog/feature4.png]
[jthemes.net/themes/html/kidify/assets/imgs/page/blog/gal.png]
[jthemes.net/themes/html/kidify/assets/imgs/page/blog/gal2.png]
[jthemes.net/themes/html/kidify/assets/imgs/page/blog/gal3.png]
[jthemes.net/themes/html/kidify/assets/imgs/page/blog/gal4.png]
[jthemes.net/themes/html/kidify/assets/imgs/page/blog/gal5.png]
[jthemes.net/themes/html/kidify/assets/imgs/page/blog/gal6.png]
[jthemes.net/themes/html/kidify/assets/imgs/page/blog/gal7.png]
[jthemes.net/themes/html/kidify/assets/imgs/page/blog/gal8.png]
[jthemes.net/themes/html/kidify/assets/imgs/page/blog/gal9.png]
[jthemes.net/themes/html/kidify/blog.html]
[jthemes.net/themes/html/kidify/blog-2.html]
[jthemes.net/themes/html/kidify/blog-3.html]
[cdn.jsdelivr.net/npm/masonry-layout@4.2.2/dist/masonry.pkgd.min.js]
[jthemes.net/themes/html/kidify/assets/imgs/page/blog-single/author.png]
[jthemes.net/themes/html/kidify/assets/imgs/page/blog-single/img.png]
[jthemes.net/themes/html/kidify/assets/imgs/page/blog-single/author2.png]
[jthemes.net/themes/html/kidify/blog-single.html]
[jthemes.net/themes/html/kidify/assets/imgs/template/icons/close.svg]
[jthemes.net/themes/html/kidify/assets/imgs/template/icons/back.svg]
[jthemes.net/themes/html/kidify/fleet-list.html]
[jthemes.net/themes/html/kidify/assets/imgs/template/icons/arrow.svg]
[jthemes.net/themes/html/kidify/assets/imgs/template/icons/star.svg]
[jthemes.net/themes/html/kidify/assets/imgs/template/icons/arrow-hover.svg]
[jthemes.net/themes/html/kidify/assets/imgs/template/logo-footer.svg]
[jthemes.net/themes/html/kidify/assets/css/vendors/normalize.css]
[jthemes.net/themes/html/kidify/assets/css/vendors/bootstrap.min.css]
[jthemes.net/themes/html/kidify/assets/fonts/uicons/uicons-regular-rounded.eot]
[jthemes.net/themes/html/kidify/assets/fonts/uicons/uicons-regular-rounded.woff2]
[jthemes.net/themes/html/kidify/assets/fonts/uicons/uicons-regular-rounded.woff]
[jthemes.net/themes/html/kidify/assets/css/vendors/uicons-regular-rounded.css]
[jthemes.net/themes/html/kidify/assets/css/plugins/swiper-bundle.min.css]
[jthemes.net/themes/html/kidify/assets/css/plugins/magnific-popup.css]
[jthemes.net/themes/html/kidify/assets/css/plugins/select2.min.css]
[jthemes.net/themes/html/kidify/assets/css/plugins/slick.css]
[jthemes.net/themes/html/kidify/assets/css/plugins/jquery-ui.css]
[jthemes.net/themes/html/kidify/assets/css/plugins/perfect-scrollbar.css]
[jthemes.net/themes/html/kidify/assets/css/plugins/animate.css]
[jthemes.net/themes/html/kidify/assets/css/plugins/jquery.timepicker.min.css]
[jthemes.net/themes/html/kidify/assets/css/plugins/glightbox.min.css]
[jthemes.net/themes/html/kidify/assets/imgs/template/icons/arrow-prev.svg]
[jthemes.net/themes/html/kidify/assets/imgs/template/icons/arrow-next.svg]
[jthemes.net/themes/html/kidify/assets/imgs/template/icons/arrow-next-hover.svg]
[jthemes.net/themes/html/kidify/assets/imgs/template/icons/arrow-prev-hover.svg]
[jthemes.net/themes/html/kidify/assets/imgs/template/icons/search-w.svg]
[jthemes.net/themes/html/kidify/assets/imgs/template/icons/arrow-down-filter.svg]
[jthemes.net/themes/html/kidify/assets/imgs/theme/favicon.html]
[jthemes.net/themes/html/kidify/assets/imgs/template/icons/arrow-down.html]
[jthemes.net/themes/html/kidify/assets/imgs/template/icons/icon-store.svg]
[jthemes.net/themes/html/kidify/assets/imgs/template/icons/checked.svg]
[jthemes.net/themes/html/kidify/assets/imgs/slider/swiper/next.svg]
[jthemes.net/themes/html/kidify/assets/imgs/slider/swiper/prev.svg]
[jthemes.net/themes/html/kidify/assets/imgs/slider/swiper/dot.html]
[jthemes.net/themes/html/kidify/assets/imgs/slider/swiper/dot-active.html]
[jthemes.net/themes/html/kidify/assets/imgs/template/icons/call.svg]
[jthemes.net/themes/html/kidify/assets/imgs/page/homepage3/address.html]
[jthemes.net/themes/html/kidify/assets/imgs/page/homepage3/time.html]
[jthemes.net/themes/html/kidify/assets/imgs/template/icons/angle-down.html]
[jthemes.net/themes/html/kidify/assets/imgs/template/icons/phone-yellow.svg]
[jthemes.net/themes/html/kidify/assets/imgs/template/icons/arrow-down-grey.svg]
[jthemes.net/themes/html/kidify/assets/imgs/template/icons/search-icon.svg]
[jthemes.net/themes/html/kidify/assets/imgs/template/icons/arrow-down-white.svg]
[jthemes.net/themes/html/kidify/assets/imgs/template/icons/arrow-right.svg]
[jthemes.net/themes/html/kidify/assets/imgs/template/icons/arrow-menu.svg]
[jthemes.net/themes/html/kidify/assets/imgs/template/icons/fb.svg]
[jthemes.net/themes/html/kidify/assets/imgs/template/icons/tw.svg]
[jthemes.net/themes/html/kidify/assets/imgs/template/icons/instagram.svg]
[jthemes.net/themes/html/kidify/assets/imgs/template/icons/pin.svg]
[jthemes.net/themes/html/kidify/assets/imgs/template/icons/youtube.svg]
[jthemes.net/themes/html/kidify/assets/imgs/template/icons/phone.svg]
[jthemes.net/themes/html/kidify/assets/imgs/template/icons/email.svg]
[jthemes.net/themes/html/kidify/assets/imgs/template/icons/arrow-menu-white.svg]
[jthemes.net/themes/html/kidify/assets/imgs/template/icons/fb-w.svg]
[jthemes.net/themes/html/kidify/assets/imgs/template/icons/tw-w.svg]
[jthemes.net/themes/html/kidify/assets/imgs/template/icons/instagram-w.svg]
[jthemes.net/themes/html/kidify/assets/imgs/template/icons/pin-w.svg]
[jthemes.net/themes/html/kidify/assets/imgs/template/icons/youtube-w.svg]
[jthemes.net/themes/html/kidify/assets/imgs/template/icons/phone-w.svg]
[jthemes.net/themes/html/kidify/assets/imgs/template/icons/email-w.svg]
[jthemes.net/themes/html/kidify/assets/imgs/page/homepage1/bg-download.html]
[jthemes.net/themes/html/kidify/assets/imgs/page/homepage1/phone.html]
[jthemes.net/themes/html/kidify/assets/imgs/page/homepage2/bg-download.html]
[jthemes.net/themes/html/kidify/assets/imgs/page/homepage3/bg-download-3.html]
[jthemes.net/themes/html/kidify/assets/imgs/template/icons/fb.html]
[jthemes.net/themes/html/kidify/assets/imgs/template/icons/tw.html]
[jthemes.net/themes/html/kidify/assets/imgs/template/icons/instagram.html]
[jthemes.net/themes/html/kidify/assets/imgs/template/icons/linkedin.html]
[jthemes.net/themes/html/kidify/assets/imgs/template/brush-bg.svg]
[jthemes.net/themes/html/kidify/assets/imgs/page/homepage1/bg-testimonials.html]
[jthemes.net/themes/html/kidify/assets/imgs/page/homepage2/instagram.svg]
[jthemes.net/themes/html/kidify/assets/imgs/template/icons/flash.svg]
[jthemes.net/themes/html/kidify/assets/imgs/template/icons/arrow-breadcrumb.svg]
[jthemes.net/themes/html/kidify/assets/imgs/template/icons/arrow-up.svg]
[jthemes.net/themes/html/kidify/assets/imgs/template/icons/arrow-down-collapse.svg]
[jthemes.net/themes/html/kidify/assets/imgs/template/icons/sort.svg]
[jthemes.net/themes/html/kidify/assets/imgs/page/shop/view-list.svg]
[jthemes.net/themes/html/kidify/assets/imgs/page/shop/view-list-active.svg]
[jthemes.net/themes/html/kidify/assets/imgs/page/shop/view-grid.svg]
[jthemes.net/themes/html/kidify/assets/imgs/page/shop/view-grid-active.svg]
[jthemes.net/themes/html/kidify/assets/imgs/page/shop/check.svg]
[jthemes.net/themes/html/kidify/assets/imgs/template/icons/arrow-up-slide.svg]
[jthemes.net/themes/html/kidify/assets/imgs/template/icons/arrow-down-slide.svg]
[jthemes.net/themes/html/kidify/assets/imgs/template/icons/minus.svg]
[jthemes.net/themes/html/kidify/assets/imgs/template/icons/plus.svg]
[jthemes.net/themes/html/kidify/assets/imgs/template/icons/flash2.svg]
[jthemes.net/themes/html/kidify/assets/imgs/template/icons/zoom.svg]
[jthemes.net/themes/html/kidify/assets/imgs/page/homepage12/banner.html]
[jthemes.net/themes/html/kidify/assets/imgs/pa(data-wow-delay=_.1s_)ge/homepage1/product3.html]
[jthemes.net/themes/html/kidify/assets/imgs/template/icons/CategoryIcon24-1.svg]
[jthemes.net/themes/html/kidify/assets/imgs/template/icons/CategoryIcon24-2.svg]
[jthemes.net/themes/html/kidify/assets/imgs/template/icons/CategoryIcon24-3.svg]
[jthemes.net/themes/html/kidify/assets/imgs/template/icons/CategoryIcon24-4.svg]
[jthemes.net/themes/html/kidify/assets/imgs/template/icons/CategoryIcon24-5.svg]
[jthemes.net/themes/html/kidify/assets/imgs/template/icons/CategoryIcon24-6.svg]
[jthemes.net/themes/html/kidify/assets/imgs/template/icons/CategoryIcon24-7.svg]
[jthemes.net/themes/html/kidify/assets/imgs/template/icons/CategoryIcon24-8.svg]
[jthemes.net/themes/html/kidify/assets/imgs/template/icons/arrow-grey.svg]
[jthemes.net/themes/html/kidify/assets/imgs/template/icons/mastercard.svg]
[jthemes.net/themes/html/kidify/assets/imgs/template/icons/googlepay.svg]
[jthemes.net/themes/html/kidify/assets/imgs/template/icons/payoneer.svg]
[jthemes.net/themes/html/kidify/assets/imgs/template/icons/applepay.html]
[jthemes.net/themes/html/kidify/assets/imgs/template/icons/paypal.html]
[jthemes.net/themes/html/kidify/assets/imgs/page/homepage2/30day.svg]
[jthemes.net/themes/html/kidify/assets/imgs/page/homepage2/fastshipping.svg]
[jthemes.net/themes/html/kidify/assets/imgs/page/homepage2/certify.svg]
[jthemes.net/themes/html/kidify/assets/imgs/page/homepage2/payment.svg]
[jthemes.net/themes/html/kidify/assets/imgs/template/icons/arrow-sm.svg]
[jthemes.net/themes/html/kidify/assets/imgs/template/logo-footer-w.svg]
[jthemes.net/themes/html/kidify/assets/imgs/template/logo-brand-1.svg]
[jthemes.net/themes/html/kidify/assets/imgs/page/homepage3/app-store.svg]
[jthemes.net/themes/html/kidify/assets/imgs/page/homepage3/app-google.svg]
[jthemes.net/themes/html/kidify/assets/imgs/template/icons/icon-secure.svg]
[jthemes.net/themes/html/kidify/assets/imgs/template/icons/icon-secure-small.svg]
[jthemes.net/themes/html/kidify/assets/css/plugins/images/ui-icons_444444_256x240.html]
[jthemes.net/themes/html/kidify/assets/css/plugins/images/ui-icons_555555_256x240.html]
[jthemes.net/themes/html/kidify/assets/css/plugins/images/ui-icons_ffffff_256x240.html]
[jthemes.net/themes/html/kidify/assets/css/plugins/images/ui-icons_777620_256x240.html]
[jthemes.net/themes/html/kidify/assets/css/plugins/images/ui-icons_cc0000_256x240.html]
[jthemes.net/themes/html/kidify/assets/css/plugins/images/ui-icons_777777_256x240.html]
